[Wed Oct  7 09:07:30 2026] Agent started
[Wed Oct  7 09:07:52 2026] Client connected
[Wed Oct  7 09:15:19 2026] Client disconnected
[Wed Oct  7 09:15:41 2026] Client connected
[Wed Oct  7 09:15:45 2026] Client disconnected
[Wed Oct  7 09:23:38 2026] Client connected
[Wed Oct  7 09:23:54 2026] Authentication failed
[Wed Oct  7 09:26:11 2026] Authentication successful
[Wed Oct  7 09:31:34 2026] SYSINFO executed
[Wed Oct  7 09:31:44 2026] LISTPROC executed
[Wed Oct  7 09:31:57 2026] Allowed EXEC command executed
[Wed Oct  7 09:32:08 2026] Disallowed EXEC command blocked
[Wed Oct  7 09:32:22 2026] Client sent QUIT
[Wed Oct  7 09:53:58 2026] Client connected
[Wed Oct  7 09:54:07 2026] Authentication successful
[Wed Oct  7 09:59:08 2026] Client disconnected
[Wed Oct  7 10:06:13 2026] Agent started
[Wed Oct  7 10:06:31 2026] Client connected
[Wed Oct  7 10:06:44 2026] Authentication successful
[Wed Oct  7 10:06:55 2026] PUT file received and stored
[Wed Oct  7 10:07:09 2026] GET file sent
[Wed Oct  7 10:07:19 2026] Client sent QUIT
[Wed Oct  7 10:53:13 2026] Agent started
[Wed Oct  7 10:53:35 2026] Client connected
[Wed Oct  7 10:53:50 2026] Authentication successful
[Wed Oct  7 10:54:04 2026] PUT file received and stored
[Wed Oct  7 10:54:14 2026] GET file sent
[Wed Oct  7 10:54:24 2026] Client sent QUIT
